032     !  "  #  $  %  &  '  (  )
042  *  +  ,  -  .  /  0  1  2  3
052  4  5  6  7  8  9  :  ;  <  =
062  >  ?  @  A  B  C  D  E  F  G
072  H  I  J  K  L  M  N  O  P  Q
082  R  S  T  U  V  W  X  Y  Z  [
092  \  ]  ^  _  `  a  b  c  d  e
102  f  g  h  i  j  k  l  m  n  o
112  p  q  r  s  t  u  v  w  x  y
122  z  {  |  }  ~          
132                    
142                    
152                     ¡
162  ¢  £  ¤  ¥  ¦  §  ¨  ©  ª  «
172  ¬  ­  ®  ¯  °  ±  ²  ³  ´  µ
182  ¶  ·  ¸  ¹  º  »  ¼  ½  ¾  ¿
192  À  Á  Â  Ã  Ä  Å  Æ  Ç  È  É
202  Ê  Ë  Ì  Í  Î  Ï  Ð  Ñ  Ò  Ó
212  Ô  Õ  Ö  ×  Ø  Ù  Ú  Û  Ü  Ý
222  Þ  ß  à  á  â  ã  ä  å  æ  ç
232  è  é  ê  ë  ì  í  î  ï  ð  ñ
242  ò  ó  ô  õ  ö  ÷  ø  ù  ú  û
252  ü  ý  þ  ÿ  Ā  ā  Ă  ă  Ą  ą
Digite um texto ou um número
